
> @bingo/player-app@0.0.1 build C:\Users\Administrator\Desktop\Bingo platform\packages\player-app
> tsc && vite build

[36mvite v6.4.3 [32mbuilding for production...[36m[39m
transforming...
[32m✓[39m 115 modules transformed.
[33mCircular chunk: vendor -> vendor-react -> vendor. Please adjust the manual chunk logic for these chunks.[39m
rendering chunks...
computing gzip size...
[33m
[2mdist/[22m[32mindex.html                          [39m[1m[2m  0.73 kB[22m[1m[22m[2m │ gzip:   0.35 kB[22m
(!) Some chunks are larger than 600 kB after minification. Consider:
- Using dynamic import() to code-split the application
- Use build.rollupOptions.output.manualChunks to improve chunking: https://rollupjs.org/configuration-options/#output-manualchunks
- Adjust chunk size limit for this warning via build.chunkSizeWarningLimit.[39m
[2mdist/[22m[35massets/index-NvqSnR2Q.css           [39m[1m[2m 36.75 kB[22m[1m[22m[2m │ gzip:   7.89 kB[22m
[2mdist/[22m[36massets/vendor-DVkRFd_n.js           [39m[1m[2m 27.10 kB[22m[1m[22m[2m │ gzip:   9.66 kB[22m
[2mdist/[22m[36massets/vendor-utils-BP9rbUH7.js     [39m[1m[2m 65.94 kB[22m[1m[22m[2m │ gzip:  19.80 kB[22m
[2mdist/[22m[36massets/index-BIS_Gg12.js            [39m[1m[2m 85.78 kB[22m[1m[22m[2m │ gzip:  24.30 kB[22m
[2mdist/[22m[36massets/vendor-react-BGDNtXja.js     [39m[1m[2m233.59 kB[22m[1m[22m[2m │ gzip:  75.07 kB[22m
[2mdist/[22m[36massets/vendor-firebase-ClKT4JKD.js  [39m[1m[33m647.01 kB[39m[22m[2m │ gzip: 148.35 kB[22m
[32m✓ built in 20.98s[39m
